// Vitest Snapshot v1, https://vitest.dev/guide/snapshot.html

exports[`<OccurrenceArraySelect /> > should render without errors 1`] = `
{
  "asFragment": [Function],
  "baseElement": <body>
    <div>
      <form>
        <div
          class="MuiCardContent-root css-1fd8x6x-MuiCardContent-root-RaSimpleForm-root"
        >
          <div
            class="MuiStack-root css-1a69w1n-MuiStack-root"
          >
            <div
              class="MuiFormControl-root MuiFormControl-marginDense ra-input ra-input-event css-ljq1zz-MuiFormControl-root-RaSelectArrayInput-root"
            >
              <label
                class="MuiFormLabel-root MuiInputLabel-root MuiInputLabel-formControl MuiInputLabel-animated MuiInputLabel-sizeSmall MuiInputLabel-filled MuiFormLabel-colorPrimary MuiInputLabel-root MuiInputLabel-formControl MuiInputLabel-animated MuiInputLabel-sizeSmall MuiInputLabel-filled css-1mog9k0-MuiFormLabel-root-MuiInputLabel-root"
                data-shrink="false"
                for="event"
                id="event-outlined-label"
              >
                <span>
                  resources.undefined.fields.event
                </span>
              </label>
              <div
                class="MuiInputBase-root MuiFilledInput-root MuiFilledInput-underline MuiInputBase-colorPrimary MuiInputBase-formControl MuiInputBase-sizeSmall css-1elr7vf-MuiInputBase-root-MuiFilledInput-root-MuiSelect-root"
                data-testid="selectArray"
              >
                <div
                  aria-controls=":r0:"
                  aria-expanded="false"
                  aria-haspopup="listbox"
                  aria-labelledby="event-outlined-label event"
                  class="MuiSelect-select MuiSelect-filled MuiSelect-multiple MuiInputBase-input MuiFilledInput-input MuiInputBase-inputSizeSmall css-1hejy8i-MuiSelect-select-MuiInputBase-input-MuiFilledInput-input"
                  id="event"
                  role="combobox"
                  tabindex="0"
                >
                  <span
                    class="notranslate"
                  >
                    ​
                  </span>
                </div>
                <input
                  aria-hidden="true"
                  aria-invalid="false"
                  class="MuiSelect-nativeInput css-yf8vq0-MuiSelect-nativeInput"
                  name="event"
                  tabindex="-1"
                  value=""
                />
                <svg
                  aria-hidden="true"
                  class="MuiSvgIcon-root MuiSvgIcon-fontSizeMedium MuiSelect-icon MuiSelect-iconFilled css-hfutr2-MuiSvgIcon-root-MuiSelect-icon"
                  data-testid="ArrowDropDownIcon"
                  focusable="false"
                  viewBox="0 0 24 24"
                >
                  <path
                    d="M7 10l5 5 5-5z"
                  />
                </svg>
              </div>
              <p
                class="MuiFormHelperText-root MuiFormHelperText-sizeSmall MuiFormHelperText-contained css-k4qjio-MuiFormHelperText-root"
              >
                <span>
                  ​
                </span>
              </p>
            </div>
          </div>
        </div>
        <div
          class="MuiToolbar-root MuiToolbar-gutters MuiToolbar-regular RaToolbar-desktopToolbar css-qmvuda-MuiToolbar-root-RaToolbar-root"
          role="toolbar"
        >
          <div
            class="RaToolbar-defaultToolbar"
          >
            <button
              aria-label="ra.action.save"
              class="MuiButtonBase-root MuiButton-root MuiButton-contained MuiButton-containedPrimary MuiButton-sizeMedium MuiButton-containedSizeMedium MuiButton-colorPrimary Mui-disabled MuiButton-root MuiButton-contained MuiButton-containedPrimary MuiButton-sizeMedium MuiButton-containedSizeMedium MuiButton-colorPrimary css-t039ty-MuiButtonBase-root-MuiButton-root-RaSaveButton-root"
              disabled=""
              tabindex="-1"
              type="submit"
            >
              <svg
                aria-hidden="true"
                class="MuiSvgIcon-root MuiSvgIcon-fontSizeMedium css-i4bv87-MuiSvgIcon-root"
                data-testid="SaveIcon"
                focusable="false"
                viewBox="0 0 24 24"
              >
                <path
                  d="M17 3H5c-1.11 0-2 .9-2 2v14c0 1.1.89 2 2 2h14c1.1 0 2-.9 2-2V7zm-5 16c-1.66 0-3-1.34-3-3s1.34-3 3-3 3 1.34 3 3-1.34 3-3 3m3-10H5V5h10z"
                />
              </svg>
              ra.action.save
            </button>
          </div>
        </div>
      </form>
    </div>
  </body>,
  "container": <div>
    <form>
      <div
        class="MuiCardContent-root css-1fd8x6x-MuiCardContent-root-RaSimpleForm-root"
      >
        <div
          class="MuiStack-root css-1a69w1n-MuiStack-root"
        >
          <div
            class="MuiFormControl-root MuiFormControl-marginDense ra-input ra-input-event css-ljq1zz-MuiFormControl-root-RaSelectArrayInput-root"
          >
            <label
              class="MuiFormLabel-root MuiInputLabel-root MuiInputLabel-formControl MuiInputLabel-animated MuiInputLabel-sizeSmall MuiInputLabel-filled MuiFormLabel-colorPrimary MuiInputLabel-root MuiInputLabel-formControl MuiInputLabel-animated MuiInputLabel-sizeSmall MuiInputLabel-filled css-1mog9k0-MuiFormLabel-root-MuiInputLabel-root"
              data-shrink="false"
              for="event"
              id="event-outlined-label"
            >
              <span>
                resources.undefined.fields.event
              </span>
            </label>
            <div
              class="MuiInputBase-root MuiFilledInput-root MuiFilledInput-underline MuiInputBase-colorPrimary MuiInputBase-formControl MuiInputBase-sizeSmall css-1elr7vf-MuiInputBase-root-MuiFilledInput-root-MuiSelect-root"
              data-testid="selectArray"
            >
              <div
                aria-controls=":r0:"
                aria-expanded="false"
                aria-haspopup="listbox"
                aria-labelledby="event-outlined-label event"
                class="MuiSelect-select MuiSelect-filled MuiSelect-multiple MuiInputBase-input MuiFilledInput-input MuiInputBase-inputSizeSmall css-1hejy8i-MuiSelect-select-MuiInputBase-input-MuiFilledInput-input"
                id="event"
                role="combobox"
                tabindex="0"
              >
                <span
                  class="notranslate"
                >
                  ​
                </span>
              </div>
              <input
                aria-hidden="true"
                aria-invalid="false"
                class="MuiSelect-nativeInput css-yf8vq0-MuiSelect-nativeInput"
                name="event"
                tabindex="-1"
                value=""
              />
              <svg
                aria-hidden="true"
                class="MuiSvgIcon-root MuiSvgIcon-fontSizeMedium MuiSelect-icon MuiSelect-iconFilled css-hfutr2-MuiSvgIcon-root-MuiSelect-icon"
                data-testid="ArrowDropDownIcon"
                focusable="false"
                viewBox="0 0 24 24"
              >
                <path
                  d="M7 10l5 5 5-5z"
                />
              </svg>
            </div>
            <p
              class="MuiFormHelperText-root MuiFormHelperText-sizeSmall MuiFormHelperText-contained css-k4qjio-MuiFormHelperText-root"
            >
              <span>
                ​
              </span>
            </p>
          </div>
        </div>
      </div>
      <div
        class="MuiToolbar-root MuiToolbar-gutters MuiToolbar-regular RaToolbar-desktopToolbar css-qmvuda-MuiToolbar-root-RaToolbar-root"
        role="toolbar"
      >
        <div
          class="RaToolbar-defaultToolbar"
        >
          <button
            aria-label="ra.action.save"
            class="MuiButtonBase-root MuiButton-root MuiButton-contained MuiButton-containedPrimary MuiButton-sizeMedium MuiButton-containedSizeMedium MuiButton-colorPrimary Mui-disabled MuiButton-root MuiButton-contained MuiButton-containedPrimary MuiButton-sizeMedium MuiButton-containedSizeMedium MuiButton-colorPrimary css-t039ty-MuiButtonBase-root-MuiButton-root-RaSaveButton-root"
            disabled=""
            tabindex="-1"
            type="submit"
          >
            <svg
              aria-hidden="true"
              class="MuiSvgIcon-root MuiSvgIcon-fontSizeMedium css-i4bv87-MuiSvgIcon-root"
              data-testid="SaveIcon"
              focusable="false"
              viewBox="0 0 24 24"
            >
              <path
                d="M17 3H5c-1.11 0-2 .9-2 2v14c0 1.1.89 2 2 2h14c1.1 0 2-.9 2-2V7zm-5 16c-1.66 0-3-1.34-3-3s1.34-3 3-3 3 1.34 3 3-1.34 3-3 3m3-10H5V5h10z"
              />
            </svg>
            ra.action.save
          </button>
        </div>
      </div>
    </form>
  </div>,
  "debug": [Function],
  "findAllByAltText": [Function],
  "findAllByDisplayValue": [Function],
  "findAllByLabelText": [Function],
  "findAllByPlaceholderText": [Function],
  "findAllByRole": [Function],
  "findAllByTestId": [Function],
  "findAllByText": [Function],
  "findAllByTitle": [Function],
  "findByAltText": [Function],
  "findByDisplayValue": [Function],
  "findByLabelText": [Function],
  "findByPlaceholderText": [Function],
  "findByRole": [Function],
  "findByTestId": [Function],
  "findByText": [Function],
  "findByTitle": [Function],
  "getAllByAltText": [Function],
  "getAllByDisplayValue": [Function],
  "getAllByLabelText": [Function],
  "getAllByPlaceholderText": [Function],
  "getAllByRole": [Function],
  "getAllByTestId": [Function],
  "getAllByText": [Function],
  "getAllByTitle": [Function],
  "getByAltText": [Function],
  "getByDisplayValue": [Function],
  "getByLabelText": [Function],
  "getByPlaceholderText": [Function],
  "getByRole": [Function],
  "getByTestId": [Function],
  "getByText": [Function],
  "getByTitle": [Function],
  "queryAllByAltText": [Function],
  "queryAllByDisplayValue": [Function],
  "queryAllByLabelText": [Function],
  "queryAllByPlaceholderText": [Function],
  "queryAllByRole": [Function],
  "queryAllByTestId": [Function],
  "queryAllByText": [Function],
  "queryAllByTitle": [Function],
  "queryByAltText": [Function],
  "queryByDisplayValue": [Function],
  "queryByLabelText": [Function],
  "queryByPlaceholderText": [Function],
  "queryByRole": [Function],
  "queryByTestId": [Function],
  "queryByText": [Function],
  "queryByTitle": [Function],
  "rerender": [Function],
  "unmount": [Function],
}
`;
