// Jest Snapshot v1, https://goo.gl/fbAQLP

exports[`<OccurrenceArraySelect /> should render without errors 1`] = `
Object {
  "asFragment": [Function],
  "baseElement": <body>
    <div>
      <form
        class="simple-form"
      >
        <div
          class="MuiCardContent-root RaCardContentInner-root-1"
        >
          <div
            class="ra-input ra-input-event"
          >
            <div
              class="MuiFormControl-root RaFormInput-input-2 MuiFormControl-marginDense"
            >
              <label
                class="MuiFormLabel-root MuiInputLabel-root RaLabeled-label-3 MuiInputLabel-formControl MuiInputLabel-animated MuiInputLabel-shrink MuiInputLabel-marginDense"
                data-shrink="true"
              >
                <span>
                  resources.occurrences.fields.event
                </span>
              </label>
              <div
                class="RaLabeled-value-4"
              >
                <div
                  class="MuiLinearProgress-root MuiLinearProgress-colorPrimary RaLinearProgress-root-5 MuiLinearProgress-indeterminate"
                  resource="occurrences"
                  role="progressbar"
                >
                  <div
                    class="MuiLinearProgress-bar MuiLinearProgress-barColorPrimary MuiLinearProgress-bar1Indeterminate"
                  />
                  <div
                    class="MuiLinearProgress-bar MuiLinearProgress-bar2Indeterminate MuiLinearProgress-barColorPrimary"
                  />
                </div>
              </div>
            </div>
          </div>
        </div>
        <div
          class="MuiToolbar-root MuiToolbar-regular RaToolbar-toolbar-6 RaToolbar-mobileToolbar-8 MuiToolbar-gutters"
          role="toolbar"
        >
          <div
            class="RaToolbar-defaultToolbar-9"
          >
            <button
              aria-label="ra.action.save"
              class="MuiButtonBase-root MuiButton-root MuiButton-contained RaSaveButton-button-11 MuiButton-containedPrimary Mui-disabled Mui-disabled"
              disabled=""
              tabindex="-1"
              type="submit"
            >
              <span
                class="MuiButton-label"
              >
                <svg
                  aria-hidden="true"
                  class="MuiSvgIcon-root RaSaveButton-leftIcon-12 RaSaveButton-icon-13"
                  focusable="false"
                  viewBox="0 0 24 24"
                >
                  <path
                    d="M17 3H5c-1.11 0-2 .9-2 2v14c0 1.1.89 2 2 2h14c1.1 0 2-.9 2-2V7l-4-4zm-5 16c-1.66 0-3-1.34-3-3s1.34-3 3-3 3 1.34 3 3-1.34 3-3 3zm3-10H5V5h10v4z"
                  />
                </svg>
                ra.action.save
              </span>
            </button>
          </div>
        </div>
        <div
          class="RaToolbar-spacer-10"
        />
      </form>
    </div>
  </body>,
  "container": <div>
    <form
      class="simple-form"
    >
      <div
        class="MuiCardContent-root RaCardContentInner-root-1"
      >
        <div
          class="ra-input ra-input-event"
        >
          <div
            class="MuiFormControl-root RaFormInput-input-2 MuiFormControl-marginDense"
          >
            <label
              class="MuiFormLabel-root MuiInputLabel-root RaLabeled-label-3 MuiInputLabel-formControl MuiInputLabel-animated MuiInputLabel-shrink MuiInputLabel-marginDense"
              data-shrink="true"
            >
              <span>
                resources.occurrences.fields.event
              </span>
            </label>
            <div
              class="RaLabeled-value-4"
            >
              <div
                class="MuiLinearProgress-root MuiLinearProgress-colorPrimary RaLinearProgress-root-5 MuiLinearProgress-indeterminate"
                resource="occurrences"
                role="progressbar"
              >
                <div
                  class="MuiLinearProgress-bar MuiLinearProgress-barColorPrimary MuiLinearProgress-bar1Indeterminate"
                />
                <div
                  class="MuiLinearProgress-bar MuiLinearProgress-bar2Indeterminate MuiLinearProgress-barColorPrimary"
                />
              </div>
            </div>
          </div>
        </div>
      </div>
      <div
        class="MuiToolbar-root MuiToolbar-regular RaToolbar-toolbar-6 RaToolbar-mobileToolbar-8 MuiToolbar-gutters"
        role="toolbar"
      >
        <div
          class="RaToolbar-defaultToolbar-9"
        >
          <button
            aria-label="ra.action.save"
            class="MuiButtonBase-root MuiButton-root MuiButton-contained RaSaveButton-button-11 MuiButton-containedPrimary Mui-disabled Mui-disabled"
            disabled=""
            tabindex="-1"
            type="submit"
          >
            <span
              class="MuiButton-label"
            >
              <svg
                aria-hidden="true"
                class="MuiSvgIcon-root RaSaveButton-leftIcon-12 RaSaveButton-icon-13"
                focusable="false"
                viewBox="0 0 24 24"
              >
                <path
                  d="M17 3H5c-1.11 0-2 .9-2 2v14c0 1.1.89 2 2 2h14c1.1 0 2-.9 2-2V7l-4-4zm-5 16c-1.66 0-3-1.34-3-3s1.34-3 3-3 3 1.34 3 3-1.34 3-3 3zm3-10H5V5h10v4z"
                />
              </svg>
              ra.action.save
            </span>
          </button>
        </div>
      </div>
      <div
        class="RaToolbar-spacer-10"
      />
    </form>
  </div>,
  "debug": [Function],
  "findAllByAltText": [Function],
  "findAllByDisplayValue": [Function],
  "findAllByLabelText": [Function],
  "findAllByPlaceholderText": [Function],
  "findAllByRole": [Function],
  "findAllByTestId": [Function],
  "findAllByText": [Function],
  "findAllByTitle": [Function],
  "findByAltText": [Function],
  "findByDisplayValue": [Function],
  "findByLabelText": [Function],
  "findByPlaceholderText": [Function],
  "findByRole": [Function],
  "findByTestId": [Function],
  "findByText": [Function],
  "findByTitle": [Function],
  "getAllByAltText": [Function],
  "getAllByDisplayValue": [Function],
  "getAllByLabelText": [Function],
  "getAllByPlaceholderText": [Function],
  "getAllByRole": [Function],
  "getAllByTestId": [Function],
  "getAllByText": [Function],
  "getAllByTitle": [Function],
  "getByAltText": [Function],
  "getByDisplayValue": [Function],
  "getByLabelText": [Function],
  "getByPlaceholderText": [Function],
  "getByRole": [Function],
  "getByTestId": [Function],
  "getByText": [Function],
  "getByTitle": [Function],
  "queryAllByAltText": [Function],
  "queryAllByDisplayValue": [Function],
  "queryAllByLabelText": [Function],
  "queryAllByPlaceholderText": [Function],
  "queryAllByRole": [Function],
  "queryAllByTestId": [Function],
  "queryAllByText": [Function],
  "queryAllByTitle": [Function],
  "queryByAltText": [Function],
  "queryByDisplayValue": [Function],
  "queryByLabelText": [Function],
  "queryByPlaceholderText": [Function],
  "queryByRole": [Function],
  "queryByTestId": [Function],
  "queryByText": [Function],
  "queryByTitle": [Function],
  "rerender": [Function],
  "unmount": [Function],
}
`;
